gui.c:15:6:gui_init	8	static
gui.c:21:6:gui_text	16	static
gui.c:27:6:gui_set_cur_app	16	static
gui.c:33:6:gui_lable	40	static
gui.c:48:6:gui_lable_multiline	40	static
gui.c:76:6:gui_ticker	64	static
gui.c:105:17:gui_ticker_create	24	static
gui.c:118:6:gui_removeTicker	16	static
gui.c:125:15:gui_create_list	32	static
gui.c:152:6:gui_remove_list	24	static
gui.c:162:19:gui_create_listItem	32	static
gui.c:172:6:gui_remove_listItem	16	static
gui.c:177:6:gui_set_curList	16	static
gui.c:181:9:gui_draw_list	40	static
gui.c:249:9:gui_input_list	16	static
gui.c:318:6:gui_showMessage	16	static
gui.c:326:6:gui_showCustomMessage	16	static
gui.c:332:6:gui_closeMessage	4	static
gui.c:338:9:gui_draw_message	24	static
gui.c:351:9:gui_input_message	16	static
gui.c:366:6:gui_input	16	static
gui.c:375:6:gui_upd_display	8	static
gui.c:380:6:gui_draw	8	static
