ssd1306.c:42:6:ssd1306_Reset	8	static
ssd1306.c:69:9:SSD1306_Init	16	static
ssd1306.c:138:6:SSD1306_UpdateScreen	16	static
ssd1306.c:158:6:SSD1306_ToggleInvert	16	static
ssd1306.c:170:6:SSD1306_Fill	16	static
ssd1306.c:175:6:SSD1306_DrawPixel	16	static
ssd1306.c:197:6:SSD1306_GotoXY	16	static
ssd1306.c:203:6:SSD1306_Putc	32	static
ssd1306.c:226:6:SSD1306_Puts	24	static
ssd1306.c:244:6:SSD1306_DrawLine	40	static
ssd1306.c:328:6:SSD1306_DrawRectangle	32	static
ssd1306.c:353:6:SSD1306_DrawFilledRectangle	40	static
ssd1306.c:380:6:SSD1306_DrawFilledRectangle_Part	40	static
ssd1306.c:417:6:SSD1306_DrawTriangle	32	static
ssd1306.c:425:6:SSD1306_DrawFilledTriangle	64	static
ssd1306.c:481:6:SSD1306_DrawCircle	40	static
ssd1306.c:515:6:SSD1306_DrawFilledCircle	48	static
ssd1306.c:546:6:ssd1306_image	32	static
ssd1306.c:565:6:SSD1306_ON	8	static
ssd1306.c:570:6:SSD1306_OFF	8	static
ssd1306.c:586:6:ssd1306_I2C_Init	16	static
ssd1306.c:598:6:ssd1306_I2C_WriteMulti	64	dynamic
ssd1306.c:608:6:ssd1306_I2C_WriteMulti_DMA	24	static
ssd1306.c:614:6:ssd1306_I2C_Write	32	static
